Microchip MPLAB XC8 Compiler V2.45

Linker command line:

-W-3 \
  --edf=C:\Program Files\Microchip\xc8\v2.45\pic\dat\20230818022343_en.msgs \
  -cn -h+dist/default/debug\RIOT_Drive_Microcontroller.X.debug.sym \
  --cmf=dist/default/debug\RIOT_Drive_Microcontroller.X.debug.cmf -z \
  -Q18F24Q10 -oC:\Users\feldj\AppData\Local\Temp\xcAs9ho.\driver_tmp_3.o \
  --defsym=__MPLAB_BUILD=1 --fixupoverflow=error \
  -Mdist/default/debug/RIOT_Drive_Microcontroller.X.debug.map \
  --md=C:\Users\feldj\AppData\Local\Temp\xcAs9ho.\driver_tmp_0.dat -E1 \
  -ver=XC8 Compiler --acfsm=1493 -ACODE=00h-03FFFh -ACONST=00h-03FFFh \
  -ASMALLCONST=0400h-04FFhx60 -AMEDIUMCONST=0400h-03FFFh -ACOMRAM=01h-05Fh \
  -AABS1=00h-03FFh -ABIGRAM=01h-03FFh -ARAM=060h-0FFh,0100h-01FFhx3 \
  -ABANK0=060h-0FFh -ABANK1=0100h-01FFh -ABANK2=0200h-02FFh \
  -ABANK3=0300h-03FFh -ASFR=0400h-04FFh,0E88h-0EFFh,0F00h-0F5Fh,0F60h-0FFFh \
  -ABIGSFR=0400h-04FFh,0E88h-0FFFh -ACONFIG=0300000h-030000Bh \
  -AIDLOC=0200000h-02000FFh -AEEDATA=0310000h-03100FFh -peeprom_data=EEDATA \
  -preset_vec=00h,intcode,intcodelo,powerup,init -pramtop=0400h \
  -psmallconst=SMALLCONST -pmediumconst=MEDIUMCONST -pconst=CONST \
  -AFARRAM=00h-00h \
  -prdata=COMRAM,nvrram=COMRAM,nvbit=COMRAM,rbss=COMRAM,rbit=COMRAM \
  -pfarbss=FARRAM,fardata=FARRAM,nvFARRAM=FARRAM \
  -pintsave_regs=BIGRAM,bigbss=BIGRAM,bigdata=BIGRAM -pbss=RAM \
  -pidata=CODE,irdata=CODE,ibigdata=CODE,ifardata=CODE -prparam=COMRAM \
  C:\Users\feldj\AppData\Local\Temp\xcAs9ho.\driver_tmp_14.o \
  dist/default/debug\RIOT_Drive_Microcontroller.X.debug.o 

Object code version is 3.11

Machine type is 18F24Q10



                Name                               Link     Load   Length Selector   Space Scale
C:\Users\feldj\AppData\Local\Temp\xcAs9ho.\driver_tmp_14.o
                config                           300000   300000        C        0       4
                init                                  2        2        4        0       0
                reset_vec                             0        0        2        0       0
dist/default/debug\RIOT_Drive_Microcontroller.X.debug.o
                config                           300000   300000        C        0       4
                mediumconst                        3DBE     3DBE      242     1EDF       0
                text21                             34AA     34AA        A     1A55       0
                text20                             34B4     34B4        A     1A5A       0
                text19                             34BE     34BE        A     1A5F       0
                text18                             35C2     35C2       3E     1AE1       0
                text17                             3508     3508       18     1A84       0
                text16                             3646     3646       5E     1B23       0
                text15                             3538     3538       1C     1A9C       0
                text14                             34E0     34E0       12     1A70       0
                text13                             3572     3572       26     1AB9       0
                text12                             3A26     3A26      110     1D13       0
                text11                             384C     384C       E4     1C26       0
                text10                             3520     3520       18     1A90       0
                text9                              34C8     34C8        A     1A64       0
                text8                              3782     3782       CA     1BC1       0
                text7                              370C     370C       76     1B86       0
                text6                              3600     3600       46     1B00       0
                text5                              3554     3554       1E     1AAA       0
                text4                              36A4     36A4       68     1B52       0
                text3                              3B36     3B36      288     1D9B       0
                text2                              3598     3598       2A     1ACC       0
                text1                              34D2     34D2        E     1A69       0
                text0                              3930     3930       F6     1C98       0
                cstackCOMRAM                         40       40       1C        1       1
                bssCOMRAM                             1        1       3F        1       1
                cinit                              34F2     34F2       16     1A79       0
                nvBANK0                              60       60        2       60       1
                nvCOMRAM                             5C       5C        4        1       1

TOTAL           Name                               Link     Load   Length     Space
        CLASS   CODE           
                init                                  2        2        4         0
                reset_vec                             0        0        2         0
                text21                             34AA     34AA        A         0
                text20                             34B4     34B4        A         0
                text19                             34BE     34BE        A         0
                text18                             35C2     35C2       3E         0
                text17                             3508     3508       18         0
                text16                             3646     3646       5E         0
                text15                             3538     3538       1C         0
                text14                             34E0     34E0       12         0
                text13                             3572     3572       26         0
                text12                             3A26     3A26      110         0
                text11                             384C     384C       E4         0
                text10                             3520     3520       18         0
                text9                              34C8     34C8        A         0
                text8                              3782     3782       CA         0
                text7                              370C     370C       76         0
                text6                              3600     3600       46         0
                text5                              3554     3554       1E         0
                text4                              36A4     36A4       68         0
                text3                              3B36     3B36      288         0
                text2                              3598     3598       2A         0
                text1                              34D2     34D2        E         0
                text0                              3930     3930       F6         0
                cinit                              34F2     34F2       16         0

        CLASS   CONST          

        CLASS   SMALLCONST     

        CLASS   MEDIUMCONST    
                mediumconst                        3DBE     3DBE      242         0

        CLASS   COMRAM         
                cstackCOMRAM                         40       40       1C         1
                bssCOMRAM                             1        1       3F         1
                nvCOMRAM                             5C       5C        4         1

        CLASS   ABS1           

        CLASS   BIGRAM         

        CLASS   RAM            

        CLASS   BANK0          
                nvBANK0                              60       60        2         1

        CLASS   BANK1          

        CLASS   BANK2          

        CLASS   BANK3          

        CLASS   SFR            

        CLASS   BIGSFR         

        CLASS   CONFIG         
                config                           300000   300000        C         4

        CLASS   IDLOC          

        CLASS   EEDATA         

        CLASS   FARRAM         

        CLASS   HEAP           

        CLASS   STACK          



SEGMENTS        Name                           Load    Length   Top    Selector   Space  Class

                reset_vec                      000000  000006  000006         0       0  CODE    
                bssCOMRAM                      000001  00005F  000060         1       1  COMRAM  
                nvBANK0                        000060  000002  000062        60       1  BANK0   
                text21                         0034AA  00000A  0034B4      1A55       0  CODE    
                text20                         0034B4  00000A  0034BE      1A5A       0  CODE    
                text19                         0034BE  00000A  0034C8      1A5F       0  CODE    
                text9                          0034C8  00000A  0034D2      1A64       0  CODE    
                text1                          0034D2  00000E  0034E0      1A69       0  CODE    
                text14                         0034E0  000012  0034F2      1A70       0  CODE    
                cinit                          0034F2  000016  003508      1A79       0  CODE    
                text17                         003508  000018  003520      1A84       0  CODE    
                text10                         003520  000018  003538      1A90       0  CODE    
                text15                         003538  00001C  003554      1A9C       0  CODE    
                text5                          003554  00001E  003572      1AAA       0  CODE    
                text13                         003572  000026  003598      1AB9       0  CODE    
                text2                          003598  00002A  0035C2      1ACC       0  CODE    
                text18                         0035C2  00003E  003600      1AE1       0  CODE    
                text6                          003600  000046  003646      1B00       0  CODE    
                text16                         003646  00005E  0036A4      1B23       0  CODE    
                text4                          0036A4  000068  00370C      1B52       0  CODE    
                text7                          00370C  000076  003782      1B86       0  CODE    
                text8                          003782  0000CA  00384C      1BC1       0  CODE    
                text11                         00384C  0000E4  003930      1C26       0  CODE    
                text0                          003930  0000F6  003A26      1C98       0  CODE    
                text12                         003A26  000110  003B36      1D13       0  CODE    
                text3                          003B36  000288  003DBE      1D9B       0  CODE    
                mediumconst                    003DBE  000242  004000      1EDF       0  MEDIUMCO


UNUSED ADDRESS RANGES

        Name                Unused          Largest block    Delta
        BANK0            000062-0000FF               9E
        BANK1            000100-0001FF              100
        BANK2            000200-0002FF              100
        BANK3            000300-0003FF              100
        BIGRAM           000062-0003FF              39E
        BIGSFR           000400-0004FF              100
                         000E88-000FFF              178
        CODE             000006-0034A9             34A4
        CONST            000006-0034A9             34A4
        EEDATA           310000-3100FF              100
        IDLOC            200000-2000FF              100
        MEDIUMCONST      000400-0034A9             30AA
        RAM              000062-0003FF              100
        SFR              000400-0004FF              100
                         000E88-000FFF               78
        SMALLCONST       000400-0034A9              100

                                  Symbol Table

?___wmul                                        cstackCOMRAM 000040
?_atoi                                          cstackCOMRAM 000046
?_getch                                         cstackCOMRAM 000040
?_printf                                        cstackCOMRAM 000056
?_strcmp                                        cstackCOMRAM 000040
?_vfprintf                                      cstackCOMRAM 00004F
EUSART1_SetErrorHandler@interruptHandler        cstackCOMRAM 000040
EUSART1_SetFramingErrorHandler@interruptHandler cstackCOMRAM 000040
EUSART1_SetOverrunErrorHandler@interruptHandler cstackCOMRAM 000040
EUSART1_Write@txData                            cstackCOMRAM 000040
_ANSELA                                         (abs)        000F0C
_ANSELB                                         (abs)        000F14
_ANSELC                                         (abs)        000F1C
_BAUD1CON                                       (abs)        000F9E
_EUSART1_DefaultErrorHandler                    (abs)        000000
_EUSART1_DefaultFramingErrorHandler             (abs)        000000
_EUSART1_DefaultOverrunErrorHandler             (abs)        000000
_EUSART1_ErrorHandler                           nvBANK0      000060
_EUSART1_FramingErrorHandler                    nvCOMRAM     00005E
_EUSART1_Initialize                             text18       0035C2
_EUSART1_OverrunErrorHandler                    nvCOMRAM     00005C
_EUSART1_Read                                   text2        003598
_EUSART1_SetErrorHandler                        text21       0034AA
_EUSART1_SetFramingErrorHandler                 text20       0034B4
_EUSART1_SetOverrunErrorHandler                 text19       0034BE
_EUSART1_Write                                  text10       003520
_INLVLA                                         (abs)        000F08
_INLVLB                                         (abs)        000F10
_INLVLC                                         (abs)        000F18
_INLVLE                                         (abs)        000F25
_LATA                                           (abs)        000F82
_LATAbits                                       (abs)        000F82
_LATB                                           (abs)        000F83
_LATBbits                                       (abs)        000F83
_LATC                                           (abs)        000F84
_ODCONA                                         (abs)        000F0A
_ODCONB                                         (abs)        000F12
_ODCONC                                         (abs)        000F1A
_OSCCON1                                        (abs)        000ED3
_OSCCON3                                        (abs)        000ED5
_OSCEN                                          (abs)        000ED7
_OSCFRQ                                         (abs)        000ED9
_OSCILLATOR_Initialize                          text17       003508
_OSCTUNE                                        (abs)        000ED8
_PIN_MANAGER_Initialize                         text16       003646
_PIR3bits                                       (abs)        000EC8
_PMD0                                           (abs)        000EDC
_PMD1                                           (abs)        000EDD
_PMD2                                           (abs)        000EDE
_PMD3                                           (abs)        000EDF
_PMD4                                           (abs)        000EE0
_PMD5                                           (abs)        000EE1
_PMD_Initialize                                 text15       003538
_RC1REG                                         (abs)        000F98
_RC1STA                                         (abs)        000F9C
_RC1STAbits                                     (abs)        000F9C
_RC6PPS                                         (abs)        000EF8
_RX1PPS                                         (abs)        000EB0
_SLRCONA                                        (abs)        000F09
_SLRCONB                                        (abs)        000F11
_SLRCONC                                        (abs)        000F19
_SP1BRGH                                        (abs)        000F9B
_SP1BRGL                                        (abs)        000F9A
_SYSTEM_Initialize                              text14       0034E0
_TRISA                                          (abs)        000F87
_TRISB                                          (abs)        000F88
_TRISC                                          (abs)        000F89
_TX1REG                                         (abs)        000F99
_TX1STA                                         (abs)        000F9D
_TX1STAbits                                     (abs)        000F9D
_WPUA                                           (abs)        000F0B
_WPUB                                           (abs)        000F13
_WPUC                                           (abs)        000F1B
_WPUE                                           (abs)        000F28
__HRAM                                          (abs)        000000
__H__absolute__                                 __absolute__ 000000
__Habs1                                         abs1         000000
__Hbank0                                        bank0        000000
__Hbank1                                        bank1        000000
__Hbank2                                        bank2        000000
__Hbank3                                        bank3        000000
__Hbigbss                                       bigbss       000000
__Hbigdata                                      bigdata      000000
__Hbigram                                       bigram       000000
__Hbigsfr                                       bigsfr       000000
__Hbss                                          bss          000000
__HbssCOMRAM                                    bssCOMRAM    000000
__Hcinit                                        cinit        000000
__Hclrtext                                      clrtext      000000
__Hcomram                                       comram       000000
__Hconfig                                       config       30000C
__Hconst                                        const        000000
__HcstackCOMRAM                                 cstackCOMRAM 000000
__Hdata                                         data         000000
__Heeprom_data                                  eeprom_data  000000
__Hfarbss                                       farbss       000000
__Hfardata                                      fardata      000000
__Hheap                                         heap         000000
__Hibigdata                                     ibigdata     000000
__Hidata                                        idata        000000
__Hidloc                                        idloc        000000
__Hifardata                                     ifardata     000000
__Hinit                                         init         000006
__Hintcode                                      intcode      000002
__Hintcode_body                                 intcode_body 000000
__Hintcodelo                                    intcodelo    000002
__Hintentry                                     intentry     000000
__Hintret                                       intret       000000
__Hintsave_regs                                 intsave_regs 000000
__Hirdata                                       irdata       000000
__Hmediumconst                                  mediumconst  004000
__HnvBANK0                                      nvBANK0      000000
__HnvCOMRAM                                     nvCOMRAM     000000
__HnvFARRAM                                     nvFARRAM     000000
__Hnvbit                                        nvbit        000000
__Hnvrram                                       nvrram       000000
__Hparam                                        rparam       000000
__Hpowerup                                      powerup      000002
__Hram                                          ram          000000
__Hramtop                                       ramtop       000400
__Hrbit                                         rbit         000000
__Hrbss                                         rbss         000000
__Hrdata                                        rdata        000000
__Hreset_vec                                    reset_vec    000002
__Hrparam                                       rparam       000000
__Hsfr                                          sfr          000000
__Hsmallconst                                   smallconst   000000
__Hspace_0                                      (abs)        004000
__Hspace_1                                      (abs)        000062
__Hspace_2                                      (abs)        000000
__Hspace_4                                      (abs)        60000C
__Hstack                                        stack        000000
__Hstruct                                       struct       000000
__Htemp                                         temp         000000
__Htext                                         text         000000
__Htext0                                        text0        000000
__Htext1                                        text1        000000
__Htext10                                       text10       000000
__Htext11                                       text11       000000
__Htext12                                       text12       000000
__Htext13                                       text13       000000
__Htext14                                       text14       000000
__Htext15                                       text15       000000
__Htext16                                       text16       000000
__Htext17                                       text17       000000
__Htext18                                       text18       000000
__Htext19                                       text19       000000
__Htext2                                        text2        000000
__Htext20                                       text20       000000
__Htext21                                       text21       000000
__Htext3                                        text3        000000
__Htext4                                        text4        000000
__Htext5                                        text5        000000
__Htext6                                        text6        000000
__Htext7                                        text7        000000
__Htext8                                        text8        000000
__Htext9                                        text9        000000
__LRAM                                          (abs)        000001
__L__absolute__                                 __absolute__ 000000
__Labs1                                         abs1         000000
__Lbank0                                        bank0        000000
__Lbank1                                        bank1        000000
__Lbank2                                        bank2        000000
__Lbank3                                        bank3        000000
__Lbigbss                                       bigbss       000000
__Lbigdata                                      bigdata      000000
__Lbigram                                       bigram       000000
__Lbigsfr                                       bigsfr       000000
__Lbss                                          bss          000000
__LbssCOMRAM                                    bssCOMRAM    000000
__Lcinit                                        cinit        000000
__Lclrtext                                      clrtext      000000
__Lcomram                                       comram       000000
__Lconfig                                       config       000000
__Lconst                                        const        000000
__LcstackCOMRAM                                 cstackCOMRAM 000000
__Ldata                                         data         000000
__Leeprom_data                                  eeprom_data  000000
__Lfarbss                                       farbss       000000
__Lfardata                                      fardata      000000
__Lheap                                         heap         000000
__Libigdata                                     ibigdata     000000
__Lidata                                        idata        000000
__Lidloc                                        idloc        000000
__Lifardata                                     ifardata     000000
__Linit                                         init         000002
__Lintcode                                      intcode      000002
__Lintcode_body                                 intcode_body 000000
__Lintcodelo                                    intcodelo    000002
__Lintentry                                     intentry     000000
__Lintret                                       intret       000000
__Lintsave_regs                                 intsave_regs 000000
__Lirdata                                       irdata       000000
__Lmediumconst                                  mediumconst  003DBE
__LnvBANK0                                      nvBANK0      000000
__LnvCOMRAM                                     nvCOMRAM     000000
__LnvFARRAM                                     nvFARRAM     000000
__Lnvbit                                        nvbit        000000
__Lnvrram                                       nvrram       000000
__Lparam                                        rparam       000000
__Lpowerup                                      powerup      000002
__Lram                                          ram          000000
__Lramtop                                       ramtop       000400
__Lrbit                                         rbit         000000
__Lrbss                                         rbss         000000
__Lrdata                                        rdata        000000
__Lreset_vec                                    reset_vec    000000
__Lrparam                                       rparam       000000
__Lsfr                                          sfr          000000
__Lsmallconst                                   smallconst   000000
__Lspace_0                                      (abs)        000000
__Lspace_1                                      (abs)        000000
__Lspace_2                                      (abs)        000000
__Lspace_4                                      (abs)        000000
__Lstack                                        stack        000000
__Lstruct                                       struct       000000
__Ltemp                                         temp         000000
__Ltext                                         text         000000
__Ltext0                                        text0        000000
__Ltext1                                        text1        000000
__Ltext10                                       text10       000000
__Ltext11                                       text11       000000
__Ltext12                                       text12       000000
__Ltext13                                       text13       000000
__Ltext14                                       text14       000000
__Ltext15                                       text15       000000
__Ltext16                                       text16       000000
__Ltext17                                       text17       000000
__Ltext18                                       text18       000000
__Ltext19                                       text19       000000
__Ltext2                                        text2        000000
__Ltext20                                       text20       000000
__Ltext21                                       text21       000000
__Ltext3                                        text3        000000
__Ltext4                                        text4        000000
__Ltext5                                        text5        000000
__Ltext6                                        text6        000000
__Ltext7                                        text7        000000
__Ltext8                                        text8        000000
__Ltext9                                        text9        000000
__S0                                            (abs)        004000
__S1                                            (abs)        000062
__S4                                            (abs)        000000
__S5                                            (abs)        000000
___heap_hi                                      (abs)        000000
___heap_lo                                      (abs)        000000
___inthi_sp                                     stack        000000
___inthi_stack_hi                               stack        000000
___inthi_stack_lo                               stack        000000
___intlo_sp                                     stack        000000
___intlo_stack_hi                               stack        000000
___intlo_stack_lo                               stack        000000
___param_bank                                   (abs)        000000
___rparam_used                                  (abs)        000001
___sp                                           stack        000000
___stack_hi                                     stack        000000
___stack_lo                                     stack        000000
___wmul                                         text13       003572
___wmul@multiplicand                            cstackCOMRAM 000042
___wmul@multiplier                              cstackCOMRAM 000040
___wmul@product                                 cstackCOMRAM 000044
__accesstop                                     (abs)        000060
__activetblptr                                  (abs)        000002
__end_of_EUSART1_Initialize                     text18       003600
__end_of_EUSART1_Read                           text2        0035C2
__end_of_EUSART1_SetErrorHandler                text21       0034B4
__end_of_EUSART1_SetFramingErrorHandler         text20       0034BE
__end_of_EUSART1_SetOverrunErrorHandler         text19       0034C8
__end_of_EUSART1_Write                          text10       003538
__end_of_OSCILLATOR_Initialize                  text17       003520
__end_of_PIN_MANAGER_Initialize                 text16       0036A4
__end_of_PMD_Initialize                         text15       003554
__end_of_SYSTEM_Initialize                      text14       0034F2
__end_of___wmul                                 text13       003598
__end_of__initialization                        cinit        0034FE
__end_of_atoi                                   text12       003B36
__end_of_executeCommand                         text3        003DBE
__end_of_fputc                                  text8        00384C
__end_of_full_drive                             text11       003930
__end_of_getch                                  text1        0034E0
__end_of_main                                   text0        003A26
__end_of_printf                                 text5        003572
__end_of_putch                                  text9        0034D2
__end_of_speed                                  mediumconst  003DC0
__end_of_strcmp                                 text4        00370C
__end_of_vfpfcnvrt                              text7        003782
__end_of_vfprintf                               text6        003646
__initialization                                cinit        0034F2
__mediumconst                                   mediumconst  003DBE
__pbssCOMRAM                                    bssCOMRAM    000001
__pcinit                                        cinit        0034F2
__pcstackCOMRAM                                 cstackCOMRAM 000040
__pmediumconst                                  mediumconst  003DBE
__pnvBANK0                                      nvBANK0      000060
__pnvCOMRAM                                     nvCOMRAM     00005C
__ptext0                                        text0        003930
__ptext1                                        text1        0034D2
__ptext10                                       text10       003520
__ptext11                                       text11       00384C
__ptext12                                       text12       003A26
__ptext13                                       text13       003572
__ptext14                                       text14       0034E0
__ptext15                                       text15       003538
__ptext16                                       text16       003646
__ptext17                                       text17       003508
__ptext18                                       text18       0035C2
__ptext19                                       text19       0034BE
__ptext2                                        text2        003598
__ptext20                                       text20       0034B4
__ptext21                                       text21       0034AA
__ptext3                                        text3        003B36
__ptext4                                        text4        0036A4
__ptext5                                        text5        003554
__ptext6                                        text6        003600
__ptext7                                        text7        00370C
__ptext8                                        text8        003782
__ptext9                                        text9        0034C8
__ramtop                                        ramtop       000400
__smallconst                                    smallconst   000000
_atoi                                           text12       003A26
_c                                              bssCOMRAM    000033
_command                                        bssCOMRAM    000038
_data                                           bssCOMRAM    000036
_eusart1RxLastError                             bssCOMRAM    000037
_executeCommand                                 text3        003B36
_flags                                          bssCOMRAM    000035
_fputc                                          text8        003782
_full_drive                                     text11       00384C
_getch                                          text1        0034D2
_i                                              bssCOMRAM    00002D
_index                                          bssCOMRAM    000031
_main                                           text0        003930
_prec                                           bssCOMRAM    00002B
_prev_command                                   bssCOMRAM    000021
_printf                                         text5        003554
_putch                                          text9        0034C8
_steps                                          bssCOMRAM    00002F
_strcmp                                         text4        0036A4
_vfpfcnvrt                                      text7        00370C
_vfprintf                                       text6        003600
_width                                          bssCOMRAM    000029
atoi@n                                          cstackCOMRAM 00004B
atoi@neg                                        cstackCOMRAM 00004A
atoi@s                                          cstackCOMRAM 000046
end_of_initialization                           cinit        0034FE
executeCommand@command                          cstackCOMRAM 000059
fputc@c                                         cstackCOMRAM 000042
fputc@fp                                        cstackCOMRAM 000044
full_drive@dir                                  cstackCOMRAM 000041
intlevel0                                       text         000000
intlevel1                                       text         000000
intlevel2                                       text         000000
intlevel3                                       text         000000
isa$std                                         (abs)        000001
isa$xinst                                       (abs)        000000
printf@ap                                       cstackCOMRAM 000058
printf@fmt                                      cstackCOMRAM 000056
putch@txData                                    cstackCOMRAM 000041
stackhi                                         (abs)        000000
stacklo                                         (abs)        000000
start                                           init         000002
start_initialization                            cinit        0034F2
strcmp@l                                        cstackCOMRAM 000040
strcmp@r                                        cstackCOMRAM 000041
vfpfcnvrt@ap                                    cstackCOMRAM 00004E
vfpfcnvrt@fmt                                   cstackCOMRAM 00004D
vfpfcnvrt@fp                                    cstackCOMRAM 00004B
vfprintf@ap                                     cstackCOMRAM 000053
vfprintf@cfmt                                   cstackCOMRAM 000054
vfprintf@fmt                                    cstackCOMRAM 000051
vfprintf@fp                                     cstackCOMRAM 00004F


MODULE INFORMATION

Module		Function		Class		Link	Load	Size
C:\Program Files\Microchip\xc8\v2.45\pic\sources\c99\common\Umul16.c
		___wmul        		CODE           	3572	0000	38

C:\Program Files\Microchip\xc8\v2.45\pic\sources\c99\common\Umul16.c estimated size: 38

C:\Program Files\Microchip\xc8\v2.45\pic\sources\c99\common\atoi.c
		_atoi          		CODE           	3A26	0000	272

C:\Program Files\Microchip\xc8\v2.45\pic\sources\c99\common\atoi.c estimated size: 272

mcc_generated_files/pin_manager.c
		_PIN_MANAGER_Initialize		CODE           	3646	0000	94

mcc_generated_files/pin_manager.c estimated size: 94

C:\Program Files\Microchip\xc8\v2.45\pic\sources\c99\common\printf.c
		_printf        		CODE           	3554	0000	30

C:\Program Files\Microchip\xc8\v2.45\pic\sources\c99\common\printf.c estimated size: 30

shared
		__initialization		CODE           	34F2	0000	12
		_speed         		MEDIUMCONST    	0000	0000	0

shared estimated size: 12

mcc_generated_files/eusart1.c
		_EUSART1_Initialize		CODE           	35C2	0000	62
		_putch         		CODE           	34C8	0000	10
		_EUSART1_SetFramingErrorHandler		CODE           	34B4	0000	10
		_EUSART1_Read  		CODE           	3598	0000	42
		_EUSART1_SetOverrunErrorHandler		CODE           	34BE	0000	10
		_EUSART1_SetErrorHandler		CODE           	34AA	0000	10
		_EUSART1_Write 		CODE           	3520	0000	24
		_getch         		CODE           	34D2	0000	14

mcc_generated_files/eusart1.c estimated size: 182

mcc_generated_files/mcc.c
		_PMD_Initialize		CODE           	3538	0000	28
		_OSCILLATOR_Initialize		CODE           	3508	0000	24
		_SYSTEM_Initialize		CODE           	34E0	0000	18

mcc_generated_files/mcc.c estimated size: 70

C:\Program Files\Microchip\xc8\v2.45\pic\sources\c99\common\strcmp.c
		_strcmp        		CODE           	36A4	0000	104

C:\Program Files\Microchip\xc8\v2.45\pic\sources\c99\common\strcmp.c estimated size: 104

main.c
		_main          		CODE           	3930	0000	246
		_executeCommand		CODE           	3B36	0000	648
		_full_drive    		CODE           	384C	0000	228

main.c estimated size: 1122

C:\Program Files\Microchip\xc8\v2.45\pic\sources\c99\common\nf_fputc.c
		_fputc         		CODE           	3782	0000	202

C:\Program Files\Microchip\xc8\v2.45\pic\sources\c99\common\nf_fputc.c estimated size: 202

C:\Program Files\Microchip\xc8\v2.45\pic\sources\c99\common\doprnt.c
		_vfpfcnvrt     		CODE           	370C	0000	118
		_vfprintf      		CODE           	3600	0000	70

C:\Program Files\Microchip\xc8\v2.45\pic\sources\c99\common\doprnt.c estimated size: 188

